\BOOKMARK [0][-]{chapter.1}{\376\377\0001\000\040\000I\000n\000t\000r\000o\000d\000u\000c\000t\000i\000o\000n}{}% 1
\BOOKMARK [0][-]{chapter.2}{\376\377\0002\000\040\000R\000e\000l\000a\000t\000e\000d\000\040\000W\000o\000r\000k}{}% 2
\BOOKMARK [0][-]{chapter.3}{\376\377\0003\000\040\000P\000r\000o\000p\000o\000s\000e\000d\000\040\000S\000o\000l\000u\000t\000i\000o\000n}{}% 3
\BOOKMARK [1][-]{section.3.1}{\376\377\0003\000.\0001\000\040\000D\000a\000t\000a}{chapter.3}% 4
\BOOKMARK [2][-]{subsection.3.1.1}{\376\377\0003\000.\0001\000.\0001\000\040\000D\000a\000t\000a\000s\000e\000t\000s}{section.3.1}% 5
\BOOKMARK [2][-]{subsection.3.1.2}{\376\377\0003\000.\0001\000.\0002\000\040\000D\000a\000t\000a\000\040\000P\000r\000o\000c\000e\000s\000s\000i\000n\000g}{section.3.1}% 6
\BOOKMARK [2][-]{subsection.3.1.3}{\376\377\0003\000.\0001\000.\0003\000\040\000D\000a\000t\000a\000\040\000A\000u\000g\000m\000e\000n\000t\000a\000t\000i\000o\000n}{section.3.1}% 7
\BOOKMARK [1][-]{section.3.2}{\376\377\0003\000.\0002\000\040\000D\000e\000s\000i\000g\000n\000\040\000o\000v\000e\000r\000v\000i\000e\000w}{chapter.3}% 8
\BOOKMARK [2][-]{subsection.3.2.1}{\376\377\0003\000.\0002\000.\0001\000\040\000A\000r\000c\000h\000i\000t\000e\000c\000t\000u\000r\000e}{section.3.2}% 9
\BOOKMARK [2][-]{subsection.3.2.2}{\376\377\0003\000.\0002\000.\0002\000\040\000U\000t\000i\000l\000i\000z\000a\000t\000i\000o\000n\000\040\000o\000f\000\040\000L\000S\000T\000M\000s}{section.3.2}% 10
\BOOKMARK [2][-]{subsection.3.2.3}{\376\377\0003\000.\0002\000.\0003\000\040\000I\000m\000a\000g\000e\000\040\000P\000a\000d\000d\000i\000n\000g\000\040\000a\000n\000d\000\040\000M\000a\000s\000k\000i\000n\000g}{section.3.2}% 11
\BOOKMARK [2][-]{subsection.3.2.4}{\376\377\0003\000.\0002\000.\0004\000\040\000L\000a\000y\000e\000r\000\040\000n\000o\000r\000m\000a\000l\000i\000z\000a\000t\000i\000o\000n}{section.3.2}% 12
\BOOKMARK [2][-]{subsection.3.2.5}{\376\377\0003\000.\0002\000.\0005\000\040\000C\000a\000u\000s\000a\000l\000\040\000m\000a\000s\000k}{section.3.2}% 13
\BOOKMARK [2][-]{subsection.3.2.6}{\376\377\0003\000.\0002\000.\0006\000\040\000L\000o\000s\000s\000e\000s\000\040\000a\000n\000d\000\040\000M\000e\000t\000r\000i\000c\000s}{section.3.2}% 14
\BOOKMARK [1][-]{section.3.3}{\376\377\0003\000.\0003\000\040\000R\000e\000j\000e\000c\000t\000e\000d\000\040\000f\000e\000a\000t\000u\000r\000e\000s}{chapter.3}% 15
\BOOKMARK [0][-]{chapter.4}{\376\377\0004\000\040\000E\000x\000p\000e\000r\000i\000m\000e\000n\000t\000s}{}% 16
\BOOKMARK [1][-]{section.4.1}{\376\377\0004\000.\0001\000\040\000S\000t\000r\000u\000c\000t\000u\000r\000a\000l\000\040\000f\000e\000a\000t\000u\000r\000e\000s}{chapter.4}% 17
\BOOKMARK [1][-]{section.4.2}{\376\377\0004\000.\0002\000\040\000I\000m\000p\000a\000c\000t\000\040\000o\000f\000\040\000a\000u\000g\000m\000e\000n\000t\000a\000t\000i\000o\000n}{chapter.4}% 18
\BOOKMARK [1][-]{section.4.3}{\376\377\0004\000.\0003\000\040\000B\000e\000s\000t\000\040\000c\000a\000n\000d\000i\000d\000a\000t\000e}{chapter.4}% 19
\BOOKMARK [1][-]{section.4.4}{\376\377\0004\000.\0004\000\040\000I\000m\000p\000a\000c\000t\000\040\000o\000f\000\040\000T\000r\000a\000i\000n\000i\000n\000g\000\040\000s\000i\000z\000e}{chapter.4}% 20
\BOOKMARK [1][-]{section.4.5}{\376\377\0004\000.\0005\000\040\000L\000S\000T\000M\000\040\000A\000b\000l\000a\000t\000i\000o\000n\000\040\000s\000t\000u\000d\000y}{chapter.4}% 21
\BOOKMARK [0][-]{chapter.5}{\376\377\0005\000\040\000C\000o\000n\000c\000l\000u\000s\000i\000o\000n\000\040\000a\000n\000d\000\040\000F\000u\000t\000u\000r\000e\000\040\000W\000o\000r\000k}{}% 22
\BOOKMARK [1][-]{section.5.1}{\376\377\0005\000.\0001\000\040\000R\000e\000s\000u\000l\000t\000s}{chapter.5}% 23
\BOOKMARK [1][-]{section.5.2}{\376\377\0005\000.\0002\000\040\000F\000u\000t\000u\000r\000e\000\040\000w\000o\000r\000k\000s}{chapter.5}% 24
\BOOKMARK [1][-]{section.5.3}{\376\377\0005\000.\0003\000\040\000C\000o\000n\000c\000l\000u\000s\000i\000o\000n}{chapter.5}% 25
\BOOKMARK [0][-]{appendix.A}{\376\377\000A\000\040\000A\000p\000p\000e\000n\000d\000i\000x}{}% 26
\BOOKMARK [1][-]{section.A.1}{\376\377\000A\000.\0001\000\040\000T\000r\000a\000i\000n\000i\000n\000g\000\040\000E\000x\000p\000e\000r\000i\000m\000e\000n\000t\000\040\000A\000d\000d\000i\000t\000i\000o\000n\000a\000l\000\040\000R\000e\000s\000u\000l\000t\000s}{appendix.A}% 27
\BOOKMARK [1][-]{section.A.2}{\376\377\000A\000.\0002\000\040\000L\000S\000T\000M\000\040\000A\000d\000d\000i\000t\000i\000o\000n\000a\000l\000\040\000r\000e\000s\000u\000l\000t\000s}{appendix.A}% 28
